Script started on Monday 28 February 2011 02:13:35 PM IST
]0;ramprabhu@client043: ~/projects/CoThinkItramprabhu@client043:~/projects/CoThinkIt$ script/server[K[K[K[K[K[K[Kdbcn[Konsole
scriptdbconsole: command not found
]0;ramprabhu@client043: ~/projects/CoThinkItramprabhu@client043:~/projects/CoThinkIt$ scriptdbconsole[1Pconsole[1Pconsole
scriptconsole: command not found
]0;ramprabhu@client043: ~/projects/CoThinkItramprabhu@client043:~/projects/CoThinkIt$ scriptconsole/console
Loading development environment (Rails 2.3.5)
/home/ramprabhu/projects/CoThinkIt/config/../vendor/rails/railties/lib/rails/gem_dependency.rb:119:Warning: Gem::Dependency#version_requirements is deprecated and will be removed on or after August 2010.  Use #requirement
>> select * f[K[K[K[K[K[K[K[K[K[Kexit
]0;ramprabhu@client043: ~/projects/CoThinkItramprabhu@client043:~/projects/CoThinkIt$ script/consoledconsolebconsole
Enter password: 
Reading table information for completion of table and column names
You can turn off this feature to get a quicker startup with -A

Welcome to the MySQL monitor.  Commands end with ; or \g.
Your MySQL connection id is 108
Server version: 5.1.41-3ubuntu12.7 (Ubuntu)

Type 'help;' or '\h' for help. Type '\c' to clear the current input statement.

mysql> select * form [K[K[K[Krom users;
+----+------------+-----------+------------------+-----------------------------+--------------+-------+--------+-----------------------------------+------------+--------------+------------------------------------------+------------------------------------------+---------------------+---------------------+----------------+---------------------------+------------------------------------------+---------------------+------------+--------+---------------------+
| id | first_name | last_name | company          | email                       | site_address | title | mobile | time_zone                         | color_code | office_phone | crypted_password                         | salt                                     | created_at          | updated_at          | remember_token | remember_token_expires_at | activation_code                          | activated_at        | reset_code | status | last_login_time     |
+----+------------+-----------+------------------+-----------------------------+--------------+-------+--------+-----------------------------------+------------+--------------+------------------------------------------+------------------------------------------+---------------------+---------------------+----------------+---------------------------+------------------------------------------+---------------------+------------+--------+---------------------+
|  1 | ram        | prabu     | sedin            | ram@gmail.com               | www          | NULL  | NULL   | (GMT-05:00) Eastern Standard Time | NULL       | NULL         | 00a0c84e7cd01918e4c7c3ebee396a216418c51e | e683d02d76bd7870ed2185f5ee9516bc71d295a1 | 2011-02-03 09:44:22 | 2011-02-03 09:44:59 | NULL           | NULL                      | NULL                                     | 2011-02-03 09:44:50 | NULL       |      1 | 2011-02-03 09:44:59 |
|  2 | ram        | prabu     | sedin technology | ramprabu.n@railsbuddies.com | www          | NULL  | NULL   | (GMT-05:00) Eastern Standard Time | NULL       | NULL         | ea9b89822097c4e044d590c001066f920085e8fd | 592174a55f00ad6a706d3f070beafb8e7cfb6988 | 2011-02-22 05:10:24 | 2011-02-22 05:13:32 | NULL           | NULL                      | NULL                                     | 2011-02-22 05:11:36 | NULL       |      1 | 2011-02-22 05:13:32 |
|  3 | kirupa     | haran     | sedin            | kirupa@gmail.com            | www          | NULL  | NULL   | (GMT-05:00) Eastern Standard Time | NULL       | NULL         | e39051e88b6515ed684067e26bac2ed37bfb380d | 7617ef4ed756852f1b7aec29efc07c28186a0d2f | 2011-02-22 05:16:05 | 2011-02-22 05:16:05 | NULL           | NULL                      | 8b56d3803dab3f8e083a78619919bebe2c28a3e0 | NULL                | NULL       |      1 | NULL                |
|  4 | ram        | prabu     | sedin            | nramprabu@gmail.com         | www          | NULL  | NULL   | (GMT-05:00) Eastern Standard Time | NULL       | NULL         | 093c22cd82bc9830d19eaf378229bfbd5cd2cb53 | ed440d3947439eef267b393b6ff62b41ed3665ef | 2011-02-22 05:18:21 | 2011-02-22 05:19:39 | NULL           | NULL                      | NULL                                     | 2011-02-22 05:18:49 | NULL       |      1 | 2011-02-22 05:19:39 |
|  5 | abcd       | abcd      | sedin            | abcd@gmail.com              | www          | NULL  | NULL   | (GMT-05:00) Eastern Standard Time | NULL       | NULL         | 36aaa39ea2f1f72ea4059331d9fde115efe93e5e | 52b38080d2d93e90853f6392ccfa6c3684beeb74 | 2011-02-22 05:22:07 | 2011-02-22 05:23:22 | NULL           | NULL                      | c6fd808caf72bb4384501f18067b79f6556aeae8 | NULL                | NULL       |      1 | NULL                |
+----+------------+-----------+------------------+-----------------------------+--------------+-------+--------+-----------------------------------+------------+--------------+------------------------------------------+------------------------------------------+---------------------+---------------------+----------------+---------------------------+------------------------------------------+---------------------+------------+--------+---------------------+
5 rows in set (0.00 sec)

mysql> truncate users;
Query OK, 0 rows affected (0.00 sec)

mysql> select * from usrs[K[Kers;
Empty set (0.00 sec)

mysql> select * from users;
+----+------------+-----------+---------+-----------------------------+--------------+-------+--------+-----------------------------------+------------+--------------+------------------------------------------+------------------------------------------+---------------------+---------------------+----------------+---------------------------+------------------------------------------+--------------+------------+--------+-----------------+
| id | first_name | last_name | company | email                       | site_address | title | mobile | time_zone                         | color_code | office_phone | crypted_password                         | salt                                     | created_at          | updated_at          | remember_token | remember_token_expires_at | activation_code                          | activated_at | reset_code | status | last_login_time |
+----+------------+-----------+---------+-----------------------------+--------------+-------+--------+-----------------------------------+------------+--------------+------------------------------------------+------------------------------------------+---------------------+---------------------+----------------+---------------------------+------------------------------------------+--------------+------------+--------+-----------------+
|  1 | ram        | prabu     | sedin   | ramprabu.n@railsbuddies.com | prabu        | NULL  | NULL   | (GMT-05:00) Eastern Standard Time | NULL       | NULL         | a66e2c4ffe4d0a2502ee55c4fd52840a859563ff | 7ce190ad7d550c7301c055f953a6a97eda58ee0f | 2011-02-28 08:45:33 | 2011-02-28 08:45:33 | NULL           | NULL                      | 88a1ae65c5bc002a0666c218d4e8cadf193d37bb | NULL         | NULL       |      1 | NULL            |
+----+------------+-----------+---------+-----------------------------+--------------+-------+--------+-----------------------------------+------------+--------------+------------------------------------------+------------------------------------------+---------------------+---------------------+----------------+---------------------------+------------------------------------------+--------------+------------+--------+-----------------+
1 row in set (0.00 sec)

mysql> select * from users;
+----+------------+-----------+---------+-----------------------------+--------------+-------+--------+-----------------------------------+------------+--------------+------------------------------------------+------------------------------------------+---------------------+---------------------+----------------+---------------------------+------------------------------------------+--------------+------------+--------+-----------------+
| id | first_name | last_name | company | email                       | site_address | title | mobile | time_zone                         | color_code | office_phone | crypted_password                         | salt                                     | created_at          | updated_at          | remember_token | remember_token_expires_at | activation_code                          | activated_at | reset_code | status | last_login_time |
+----+------------+-----------+---------+-----------------------------+--------------+-------+--------+-----------------------------------+------------+--------------+------------------------------------------+------------------------------------------+---------------------+---------------------+----------------+---------------------------+------------------------------------------+--------------+------------+--------+-----------------+
|  1 | ram        | prabu     | sedin   | ramprabu.n@railsbuddies.com | prabu        | NULL  | NULL   | (GMT-05:00) Eastern Standard Time | NULL       | NULL         | a66e2c4ffe4d0a2502ee55c4fd52840a859563ff | 7ce190ad7d550c7301c055f953a6a97eda58ee0f | 2011-02-28 08:45:33 | 2011-02-28 08:45:33 | NULL           | NULL                      | 88a1ae65c5bc002a0666c218d4e8cadf193d37bb | NULL         | NULL       |      1 | NULL            |
|  2 | prabu      | ram       | sedin   | nramprabu@gmail.com         | nramprabu    | NULL  | NULL   | (GMT-05:00) Eastern Standard Time | NULL       | NULL         | 46d5fc5506618d6826c4f1c4ae096c530cd4673a | 2ea4f4fd66d1d9ebd3a0b526266b467334feff95 | 2011-02-28 08:50:58 | 2011-02-28 08:50:58 | NULL           | NULL                      | 26548e04179b408075fbaecd4858e46c67ea431d | NULL         | NULL       |      1 | NULL            |
+----+------------+-----------+---------+-----------------------------+--------------+-------+--------+-----------------------------------+------------+--------------+------------------------------------------+------------------------------------------+---------------------+---------------------+----------------+---------------------------+------------------------------------------+--------------+------------+--------+-----------------+
2 rows in set (0.00 sec)

mysql> select * from users;[C[C[C[C[C[C[C[5Ptruncate[C[C[C[C[C[C[C[C[C[C[C[C[C[C[5@select * from[C[C[C[C[C[C[C[C[C[C[C[C[C[C[5Ptruncate[C[C[C[C[C[C[C
Query OK, 0 rows affected (0.00 sec)

mysql> truncate users;[C[C[C[C[C[C[C[5@select * from[C[C[C[C[C[C[C[C[C[C[C[C[C[C[5Ptruncate[C[C[C[C[C[C[C
Query OK, 0 rows affected (0.00 sec)

mysql> truncate users;
Query OK, 0 rows affected (0.00 sec)

mysql> truncate users;[C[C[C[C[C[C[C[5@select * from[C[C[C[C[C[C[C
+----+------------+-----------+---------+-----------------------------+--------------+-------+--------+-----------------------------------+------------+--------------+------------------------------------------+------------------------------------------+---------------------+---------------------+----------------+---------------------------+------------------------------------------+--------------+------------+--------+-----------------+
| id | first_name | last_name | company | email                       | site_address | title | mobile | time_zone                         | color_code | office_phone | crypted_password                         | salt                                     | created_at          | updated_at          | remember_token | remember_token_expires_at | activation_code                          | activated_at | reset_code | status | last_login_time |
+----+------------+-----------+---------+-----------------------------+--------------+-------+--------+-----------------------------------+------------+--------------+------------------------------------------+------------------------------------------+---------------------+---------------------+----------------+---------------------------+------------------------------------------+--------------+------------+--------+-----------------+
|  1 | ram        | prabu     | sedin   | ramprabu.n@railsbuddies.com | ramprabu     | NULL  | NULL   | (GMT-05:00) Eastern Standard Time | NULL       | NULL         | d1d5f7e4180cf487bd01c517c008f41d4627540b | 75b0489a2b3b349a295f0090732faf81f7ac023e | 2011-02-28 09:02:51 | 2011-02-28 09:02:51 | NULL           | NULL                      | 6ca2b2c0f13abcdeee81f6d94e28741a753e1b38 | NULL         | NULL       |      1 | NULL            |
+----+------------+-----------+---------+-----------------------------+--------------+-------+--------+-----------------------------------+------------+--------------+------------------------------------------+------------------------------------------+---------------------+---------------------+----------------+---------------------------+------------------------------------------+--------------+------------+--------+-----------------+
1 row in set (0.00 sec)

mysql> select * from users;
+----+------------+-----------+---------+-----------------------------+--------------+-------+--------+-----------------------------------+------------+--------------+------------------------------------------+------------------------------------------+---------------------+---------------------+----------------+---------------------------+------------------------------------------+--------------+------------+--------+-----------------+
| id | first_name | last_name | company | email                       | site_address | title | mobile | time_zone                         | color_code | office_phone | crypted_password                         | salt                                     | created_at          | updated_at          | remember_token | remember_token_expires_at | activation_code                          | activated_at | reset_code | status | last_login_time |
+----+------------+-----------+---------+-----------------------------+--------------+-------+--------+-----------------------------------+------------+--------------+------------------------------------------+------------------------------------------+---------------------+---------------------+----------------+---------------------------+------------------------------------------+--------------+------------+--------+-----------------+
|  1 | ram        | prabu     | sedin   | ramprabu.n@railsbuddies.com | ramprabu     | NULL  | NULL   | (GMT-05:00) Eastern Standard Time | NULL       | NULL         | d1d5f7e4180cf487bd01c517c008f41d4627540b | 75b0489a2b3b349a295f0090732faf81f7ac023e | 2011-02-28 09:02:51 | 2011-02-28 09:02:51 | NULL           | NULL                      | 6ca2b2c0f13abcdeee81f6d94e28741a753e1b38 | NULL         | NULL       |      1 | NULL            |
+----+------------+-----------+---------+-----------------------------+--------------+-------+--------+-----------------------------------+------------+--------------+------------------------------------------+------------------------------------------+---------------------+---------------------+----------------+---------------------------+------------------------------------------+--------------+------------+--------+-----------------+
1 row in set (0.00 sec)

mysql> select * from users;[C[C[C[C[C[C[C[5Ptruncate[C[C[C[C[C[C[C
Query OK, 0 rows affected (0.00 sec)

mysql> truncate users;[C[C[C[C[C[C[C[5@select * from[C[C[C[C[C[C[C[C[C[C[C[C[C[C[5Ptruncate[C[C[C[C[C[C[C
Query OK, 0 rows affected (0.00 sec)

mysql> truncate users;[C[C[C[C[C[C[C[5@select * from[C[C[C[C[C[C[C
Empty set (0.00 sec)

mysql> select * from users;
+----+------------+-----------+---------+-----------------------------+--------------+-------+--------+--------------------------------